{
  "absolute_last_flow_end_ns": 1785477748140781853,
  "arrival_span_ns": 1264344,
  "collective_elapsed_ns": 1479121,
  "first_release_ns": 0,
  "input_time_origin_ns": 1785477748139302732,
  "last_flow_end_ns": 1479121,
  "last_release_ns": 1264344,
  "rank_network_done_offsets_ns": {
    "144": 1479121,
    "145": 1479121,
    "146": 1479121,
    "147": 1479121,
    "148": 1479121,
    "149": 1479121,
    "150": 1479121,
    "151": 1479121
  },
  "request_id": "iter55_ep_fwd_dispatch_g18_slot6",
  "runner_elapsed_seconds": 2.054146,
  "runner_lifecycle": "exited_normally",
  "runner_source_sha256": "cbc4a93c835c9c9a3b48962a969d99876d27634e89352646b8081b40b4657439",
  "simulator_binary_sha256": "6f3689a7848d97a329894de1026ed52dfde14d45b1bc3d66b566846cc334e9f9",
  "simulator_commit": "faa3c789549d542484ca9aab132b7d4727afd14a",
  "simulator_log": "/home/zjb/Desktop/mfu-model/case_256gpu_pp16_cp2_a2a/results/oisa_s5000_256gpu_nine_class/runs/iter55_ep_fwd_dispatch_g18_slot6/simulator.log",
  "simulator_returncode": 0,
  "simulator_worktree_dirty": true,
  "tail_after_last_release_ns": 214777,
  "topology_hash": "e9503e0eaf5bc80efd66ae95b5f09e68643725069d654082f374ec03f8b46a88"
}
[1/9] ep_fwd_dispatch: tail=0.214777 ms, lifecycle=exited_normally
{
  "absolute_last_flow_end_ns": 1785477757537958038,
  "arrival_span_ns": 3730015,
  "collective_elapsed_ns": 3945361,
  "first_release_ns": 0,
  "input_time_origin_ns": 1785477757534012677,
  "last_flow_end_ns": 3945361,
  "last_release_ns": 3730015,
  "rank_network_done_offsets_ns": {
    "136": 3945361,
    "137": 3945361,
    "138": 3945361,
    "139": 3945361,
    "140": 3945361,
    "141": 3945361,
    "142": 3945361,
    "143": 3945361
  },
  "request_id": "iter55_ep_fwd_combine_g17_slot25",
  "runner_elapsed_seconds": 2.259663,
  "runner_lifecycle": "exited_normally",
  "runner_source_sha256": "cbc4a93c835c9c9a3b48962a969d99876d27634e89352646b8081b40b4657439",
  "simulator_binary_sha256": "6f3689a7848d97a329894de1026ed52dfde14d45b1bc3d66b566846cc334e9f9",
  "simulator_commit": "faa3c789549d542484ca9aab132b7d4727afd14a",
  "simulator_log": "/home/zjb/Desktop/mfu-model/case_256gpu_pp16_cp2_a2a/results/oisa_s5000_256gpu_nine_class/runs/iter55_ep_fwd_combine_g17_slot25/simulator.log",
  "simulator_returncode": 0,
  "simulator_worktree_dirty": true,
  "tail_after_last_release_ns": 215346,
  "topology_hash": "e9503e0eaf5bc80efd66ae95b5f09e68643725069d654082f374ec03f8b46a88"
}
[2/9] ep_fwd_combine: tail=0.215346 ms, lifecycle=exited_normally
{
  "absolute_last_flow_end_ns": 1785477757733538452,
  "arrival_span_ns": 221854,
  "collective_elapsed_ns": 439381,
  "first_release_ns": 0,
  "input_time_origin_ns": 1785477757733099071,
  "last_flow_end_ns": 439381,
  "last_release_ns": 221854,
  "rank_network_done_offsets_ns": {
    "136": 439381,
    "137": 439381,
    "138": 439381,
    "139": 439381,
    "140": 439381,
    "141": 439381,
    "142": 439381,
    "143": 439381
  },
  "request_id": "iter55_ep_bwd_combine_backward_dispatch_g17_slot10",
  "runner_elapsed_seconds": 2.058616,
  "runner_lifecycle": "exited_normally",
  "runner_source_sha256": "cbc4a93c835c9c9a3b48962a969d99876d27634e89352646b8081b40b4657439",
  "simulator_binary_sha256": "6f3689a7848d97a329894de1026ed52dfde14d45b1bc3d66b566846cc334e9f9",
  "simulator_commit": "faa3c789549d542484ca9aab132b7d4727afd14a",
  "simulator_log": "/home/zjb/Desktop/mfu-model/case_256gpu_pp16_cp2_a2a/results/oisa_s5000_256gpu_nine_class/runs/iter55_ep_bwd_combine_backward_dispatch_g17_slot10/simulator.log",
  "simulator_returncode": 0,
  "simulator_worktree_dirty": true,
  "tail_after_last_release_ns": 217527,
  "topology_hash": "e9503e0eaf5bc80efd66ae95b5f09e68643725069d654082f374ec03f8b46a88"
}
[3/9] ep_bwd_combine_backward_dispatch: tail=0.217527 ms, lifecycle=exited_normally
{
  "absolute_last_flow_end_ns": 1785477757553462326,
  "arrival_span_ns": 5876282,
  "collective_elapsed_ns": 6091628,
  "first_release_ns": 0,
  "input_time_origin_ns": 1785477757547370698,
  "last_flow_end_ns": 6091628,
  "last_release_ns": 5876282,
  "rank_network_done_offsets_ns": {
    "136": 6091628,
    "137": 6091628,
    "138": 6091628,
    "139": 6091628,
    "140": 6091628,
    "141": 6091628,
    "142": 6091628,
    "143": 6091628
  },
  "request_id": "iter55_ep_bwd_dispatch_backward_combine_g17_slot9",
  "runner_elapsed_seconds": 2.259391,
  "runner_lifecycle": "exited_normally",
  "runner_source_sha256": "cbc4a93c835c9c9a3b48962a969d99876d27634e89352646b8081b40b4657439",
  "simulator_binary_sha256": "6f3689a7848d97a329894de1026ed52dfde14d45b1bc3d66b566846cc334e9f9",
  "simulator_commit": "faa3c789549d542484ca9aab132b7d4727afd14a",
  "simulator_log": "/home/zjb/Desktop/mfu-model/case_256gpu_pp16_cp2_a2a/results/oisa_s5000_256gpu_nine_class/runs/iter55_ep_bwd_dispatch_backward_combine_g17_slot9/simulator.log",
  "simulator_returncode": 0,
  "simulator_worktree_dirty": true,
  "tail_after_last_release_ns": 215346,
  "topology_hash": "e9503e0eaf5bc80efd66ae95b5f09e68643725069d654082f374ec03f8b46a88"
}
[4/9] ep_bwd_dispatch_backward_combine: tail=0.215346 ms, lifecycle=exited_normally
{
  "absolute_last_flow_end_ns": 1785477757174195596,
  "arrival_span_ns": 122478,
  "collective_elapsed_ns": 2548604,
  "first_release_ns": 0,
  "input_time_origin_ns": 1785477757171646992,
  "last_flow_end_ns": 2548604,
  "last_release_ns": 122478,
  "rank_network_done_offsets_ns": {
    "156": 2548604,
    "157": 2548604
  },
  "request_id": "iter55_cp_all_to_all_g78_slot167",
  "runner_elapsed_seconds": 2.057761,
  "runner_lifecycle": "exited_normally",
  "runner_source_sha256": "cbc4a93c835c9c9a3b48962a969d99876d27634e89352646b8081b40b4657439",
  "simulator_binary_sha256": "6f3689a7848d97a329894de1026ed52dfde14d45b1bc3d66b566846cc334e9f9",
  "simulator_commit": "faa3c789549d542484ca9aab132b7d4727afd14a",
  "simulator_log": "/home/zjb/Desktop/mfu-model/case_256gpu_pp16_cp2_a2a/results/oisa_s5000_256gpu_nine_class/runs/iter55_cp_all_to_all_g78_slot167/simulator.log",
  "simulator_returncode": 0,
  "simulator_worktree_dirty": true,
  "tail_after_last_release_ns": 2426126,
  "topology_hash": "e9503e0eaf5bc80efd66ae95b5f09e68643725069d654082f374ec03f8b46a88"
}
[5/9] cp_all_to_all: tail=2.426126 ms, lifecycle=exited_normally
{
  "absolute_last_flow_end_ns": 1785477755317645251,
  "arrival_span_ns": 164684542,
  "collective_elapsed_ns": 544803507,
  "first_release_ns": 0,
  "input_time_origin_ns": 1785477754772841744,
  "last_flow_end_ns": 544803507,
  "last_release_ns": 164684542,
  "rank_network_done_offsets_ns": {
    "208": 491702218,
    "209": 509402084,
    "210": 523561749,
    "211": 534182095,
    "212": 541262681,
    "213": 544803507,
    "214": 544803507,
    "215": 233012885,
    "216": 246231800,
    "217": 281925283,
    "218": 319579305,
    "219": 356398514,
    "220": 390854404,
    "221": 421635882,
    "222": 446763593,
    "223": 470462632
  },
  "request_id": "iter55_dp_grad_reduce_scatter_g13_slot0",
  "runner_elapsed_seconds": 123.097556,
  "runner_lifecycle": "exited_normally",
  "runner_source_sha256": "cbc4a93c835c9c9a3b48962a969d99876d27634e89352646b8081b40b4657439",
  "simulator_binary_sha256": "6f3689a7848d97a329894de1026ed52dfde14d45b1bc3d66b566846cc334e9f9",
  "simulator_commit": "faa3c789549d542484ca9aab132b7d4727afd14a",
  "simulator_log": "/home/zjb/Desktop/mfu-model/case_256gpu_pp16_cp2_a2a/results/oisa_s5000_256gpu_nine_class/runs/iter55_dp_grad_reduce_scatter_g13_slot0/simulator.log",
  "simulator_returncode": 0,
  "simulator_worktree_dirty": true,
  "tail_after_last_release_ns": 380118965,
  "topology_hash": "e9503e0eaf5bc80efd66ae95b5f09e68643725069d654082f374ec03f8b46a88"
}
[6/9] dp_grad_reduce_scatter: tail=380.118965 ms, lifecycle=exited_normally
{
  "absolute_last_flow_end_ns": 1785477765244234897,
  "arrival_span_ns": 4051416,
  "collective_elapsed_ns": 69386702,
  "first_release_ns": 0,
  "input_time_origin_ns": 1785477765174848195,
  "last_flow_end_ns": 69386702,
  "last_release_ns": 4051416,
  "rank_network_done_offsets_ns": {
    "192": 39580984,
    "193": 42526885,
    "194": 45651783,
    "195": 46960643,
    "196": 47358294,
    "197": 51622442,
    "198": 55058980,
    "199": 58579801,
    "200": 61036152,
    "201": 63270671,
    "202": 65395675,
    "203": 67615788,
    "204": 69386702,
    "205": 69386702,
    "206": 38712468,
    "207": 38712468
  },
  "request_id": "iter55_dp_param_allgather_g12_slot1",
  "runner_elapsed_seconds": 47.152784,
  "runner_lifecycle": "exited_normally",
  "runner_source_sha256": "cbc4a93c835c9c9a3b48962a969d99876d27634e89352646b8081b40b4657439",
  "simulator_binary_sha256": "6f3689a7848d97a329894de1026ed52dfde14d45b1bc3d66b566846cc334e9f9",
  "simulator_commit": "faa3c789549d542484ca9aab132b7d4727afd14a",
  "simulator_log": "/home/zjb/Desktop/mfu-model/case_256gpu_pp16_cp2_a2a/results/oisa_s5000_256gpu_nine_class/runs/iter55_dp_param_allgather_g12_slot1/simulator.log",
  "simulator_returncode": 0,
  "simulator_worktree_dirty": true,
  "tail_after_last_release_ns": 65335286,
  "topology_hash": "e9503e0eaf5bc80efd66ae95b5f09e68643725069d654082f374ec03f8b46a88"
}
[7/9] dp_param_allgather: tail=65.335286 ms, lifecycle=exited_normally
{
  "absolute_last_flow_end_ns": 1785477763050598101,
  "arrival_span_ns": 164158,
  "collective_elapsed_ns": 151333424,
  "first_release_ns": 0,
  "input_time_origin_ns": 1785477762899264677,
  "last_flow_end_ns": 151333424,
  "last_release_ns": 164158,
  "rank_network_done_offsets_ns": {
    "52": 151333424,
    "60": 151333424
  },
  "request_id": "iter55_expert_dp_grad_reduce_scatter_g28_slot0",
  "runner_elapsed_seconds": 84.014723,
  "runner_lifecycle": "exited_normally",
  "runner_source_sha256": "cbc4a93c835c9c9a3b48962a969d99876d27634e89352646b8081b40b4657439",
  "simulator_binary_sha256": "6f3689a7848d97a329894de1026ed52dfde14d45b1bc3d66b566846cc334e9f9",
  "simulator_commit": "faa3c789549d542484ca9aab132b7d4727afd14a",
  "simulator_log": "/home/zjb/Desktop/mfu-model/case_256gpu_pp16_cp2_a2a/results/oisa_s5000_256gpu_nine_class/runs/iter55_expert_dp_grad_reduce_scatter_g28_slot0/simulator.log",
  "simulator_returncode": 0,
  "simulator_worktree_dirty": true,
  "tail_after_last_release_ns": 151169266,
  "topology_hash": "e9503e0eaf5bc80efd66ae95b5f09e68643725069d654082f374ec03f8b46a88"
}
[8/9] expert_dp_grad_reduce_scatter: tail=151.169266 ms, lifecycle=exited_normally
{
  "absolute_last_flow_end_ns": 1785477765263418055,
  "arrival_span_ns": 44246,
  "collective_elapsed_ns": 75633086,
  "first_release_ns": 0,
  "input_time_origin_ns": 1785477765187784969,
  "last_flow_end_ns": 75633086,
  "last_release_ns": 44246,
  "rank_network_done_offsets_ns": {
    "83": 75633086,
    "91": 75633086
  },
  "request_id": "iter55_expert_dp_param_allgather_g43_slot1",
  "runner_elapsed_seconds": 42.93029,
  "runner_lifecycle": "exited_normally",
  "runner_source_sha256": "cbc4a93c835c9c9a3b48962a969d99876d27634e89352646b8081b40b4657439",
  "simulator_binary_sha256": "6f3689a7848d97a329894de1026ed52dfde14d45b1bc3d66b566846cc334e9f9",
  "simulator_commit": "faa3c789549d542484ca9aab132b7d4727afd14a",
  "simulator_log": "/home/zjb/Desktop/mfu-model/case_256gpu_pp16_cp2_a2a/results/oisa_s5000_256gpu_nine_class/runs/iter55_expert_dp_param_allgather_g43_slot1/simulator.log",
  "simulator_returncode": 0,
  "simulator_worktree_dirty": true,
  "tail_after_last_release_ns": 75588840,
  "topology_hash": "e9503e0eaf5bc80efd66ae95b5f09e68643725069d654082f374ec03f8b46a88"
}
[9/9] expert_dp_param_allgather: tail=75.588840 ms, lifecycle=exited_normally
